Google Inc. is an American multinational technology company specializing 
advertising technologies, search, cloud computing, and software.[5] 
Google was founded by Larry Page and Sergey Brin while they were Ph.D. 
students at Stanford University. Together, they own about 14 percent of 
 supervoting stock. They incorporated Google as a privately held company on 
 be evil".[9][10] In 2004, Google moved to its new headquarters in Mountain 
View, California, nicknamed the Googleplex.[11] In August 2015, Google 
Alphabet Inc. When this restructuring took place on October 2, 2015, Google 
became Alphabet's leading subsidiary, as well as the parent for Google's 
