announced plans to reorganize its interests as a holding company called 
became Alphabet's leading subsidiary, as well as the parent for Microsoft's 
