./ish: Standard output redirection without file name
